
> ai-powered-lms-frontend@0.1.0 build
> next build

  Γû▓ Next.js 14.2.35
  - Environments: .env.local

   Creating an optimized production build ...
 Γ£ô Compiled successfully
   Skipping validation of types
   Skipping linting
   Collecting page data ...
   Generating static pages (0/15) ...
   Generating static pages (3/15) 
   Generating static pages (7/15) 
node.exe :  Γ¿» 
useSearchParams() 
should be wrapped in a 
suspense boundary at 
page "/dashboard/ats". 
Read more: https://next
js.org/docs/messages/mi
ssing-suspense-with-csr
-bailout
At line:1 char:1
+ & "C:\Program 
Files\nodejs/node.exe" 
"C:\Program 
Files\nodejs/node_mo 
...
+ ~~~~~~~~~~~~~~~~~~~~~
~~~~~~~~~~~~~~~~~~~~~~~
~~~~~~~~~~~~~~~~~~~~~~~
~~
    + CategoryInfo     
         : 
NotSpecified: ( Γ¿    
» useSearchP...ith-csr 
   -bailout:String) 
[], R    emoteException
    + 
FullyQualifiedErrorI   
 d : NativeCommandError
 
    at o (C:\Users\Venk
at\Desktop\LMS\frontend
\.next\server\chunks\74
6.js:1:56356)
    at u (C:\Users\Venk
at\Desktop\LMS\frontend
\.next\server\chunks\74
6.js:1:67339)
    at $ (C:\Users\Venk
at\Desktop\LMS\frontend
\.next\server\chunks\72
3.js:1:30764)
    at nj (C:\Users\Ven
kat\Desktop\LMS\fronten
d\node_modules\next\dis
t\compiled\next-server\
app-page.runtime.prod.j
s:12:46252)
    at nM (C:\Users\Ven
kat\Desktop\LMS\fronten
d\node_modules\next\dis
t\compiled\next-server\
app-page.runtime.prod.j
s:12:47572)
    at nL (C:\Users\Ven
kat\Desktop\LMS\fronten
d\node_modules\next\dis
t\compiled\next-server\
app-page.runtime.prod.j
s:12:64547)
    at nB (C:\Users\Ven
kat\Desktop\LMS\fronten
d\node_modules\next\dis
t\compiled\next-server\
app-page.runtime.prod.j
s:12:67539)
    at nM (C:\Users\Ven
kat\Desktop\LMS\fronten
d\node_modules\next\dis
t\compiled\next-server\
app-page.runtime.prod.j
s:12:58561)
    at nL (C:\Users\Ven
kat\Desktop\LMS\fronten
d\node_modules\next\dis
t\compiled\next-server\
app-page.runtime.prod.j
s:12:64547)
    at nI (C:\Users\Ven
kat\Desktop\LMS\fronten
d\node_modules\next\dis
t\compiled\next-server\
app-page.runtime.prod.j
s:12:47011)

Error occurred 
prerendering page 
"/dashboard/ats". Read 
more: https://nextjs.or
g/docs/messages/prerend
er-error

 Γ¿» useSearchParams() 
should be wrapped in a 
suspense boundary at 
page 
"/dashboard/improve". 
Read more: https://next
js.org/docs/messages/mi
ssing-suspense-with-csr
-bailout
    at o (C:\Users\Venk
at\Desktop\LMS\frontend
\.next\server\chunks\74
6.js:1:56356)
    at u (C:\Users\Venk
at\Desktop\LMS\frontend
\.next\server\chunks\74
6.js:1:67339)
    at $ (C:\Users\Venk
at\Desktop\LMS\frontend
\.next\server\chunks\72
3.js:1:30764)
    at nj (C:\Users\Ven
kat\Desktop\LMS\fronten
d\node_modules\next\dis
t\compiled\next-server\
app-page.runtime.prod.j
s:12:46252)
    at nM (C:\Users\Ven
kat\Desktop\LMS\fronten
d\node_modules\next\dis
t\compiled\next-server\
app-page.runtime.prod.j
s:12:47572)
    at nL (C:\Users\Ven
kat\Desktop\LMS\fronten
d\node_modules\next\dis
t\compiled\next-server\
app-page.runtime.prod.j
s:12:64547)
    at nB (C:\Users\Ven
kat\Desktop\LMS\fronten
d\node_modules\next\dis
t\compiled\next-server\
app-page.runtime.prod.j
s:12:67539)
    at nM (C:\Users\Ven
kat\Desktop\LMS\fronten
d\node_modules\next\dis
t\compiled\next-server\
app-page.runtime.prod.j
s:12:58561)
    at nL (C:\Users\Ven
kat\Desktop\LMS\fronten
d\node_modules\next\dis
t\compiled\next-server\
app-page.runtime.prod.j
s:12:64547)
    at nI (C:\Users\Ven
kat\Desktop\LMS\fronten
d\node_modules\next\dis
t\compiled\next-server\
app-page.runtime.prod.j
s:12:47011)

Error occurred 
prerendering page 
"/dashboard/improve". 
Read more: https://next
js.org/docs/messages/pr
erender-error

 Γ¿» useSearchParams() 
should be wrapped in a 
suspense boundary at 
page 
"/dashboard/resume". 
Read more: https://next
js.org/docs/messages/mi
ssing-suspense-with-csr
-bailout
    at o (C:\Users\Venk
at\Desktop\LMS\frontend
\.next\server\chunks\74
6.js:1:56356)
    at u (C:\Users\Venk
at\Desktop\LMS\frontend
\.next\server\chunks\74
6.js:1:67339)
    at $ (C:\Users\Venk
at\Desktop\LMS\frontend
\.next\server\chunks\72
3.js:1:30764)
    at nj (C:\Users\Ven
kat\Desktop\LMS\fronten
d\node_modules\next\dis
t\compiled\next-server\
app-page.runtime.prod.j
s:12:46252)
    at nM (C:\Users\Ven
kat\Desktop\LMS\fronten
d\node_modules\next\dis
t\compiled\next-server\
app-page.runtime.prod.j
s:12:47572)
    at nL (C:\Users\Ven
kat\Desktop\LMS\fronten
d\node_modules\next\dis
t\compiled\next-server\
app-page.runtime.prod.j
s:12:64547)
    at nB (C:\Users\Ven
kat\Desktop\LMS\fronten
d\node_modules\next\dis
t\compiled\next-server\
app-page.runtime.prod.j
s:12:67539)
    at nM (C:\Users\Ven
kat\Desktop\LMS\fronten
d\node_modules\next\dis
t\compiled\next-server\
app-page.runtime.prod.j
s:12:58561)
    at nL (C:\Users\Ven
kat\Desktop\LMS\fronten
d\node_modules\next\dis
t\compiled\next-server\
app-page.runtime.prod.j
s:12:64547)
    at nI (C:\Users\Ven
kat\Desktop\LMS\fronten
d\node_modules\next\dis
t\compiled\next-server\
app-page.runtime.prod.j
s:12:47011)

Error occurred 
prerendering page 
"/dashboard/resume". 
Read more: https://next
js.org/docs/messages/pr
erender-error

   Generating static pages (11/15) 
 Γ¿» useSearchParams() 
should be wrapped in a 
suspense boundary at 
page 
"/dashboard/mock". 
Read more: https://next
js.org/docs/messages/mi
ssing-suspense-with-csr
-bailout
    at o (C:\Users\Venk
at\Desktop\LMS\frontend
\.next\server\chunks\74
6.js:1:56356)
    at u (C:\Users\Venk
at\Desktop\LMS\frontend
\.next\server\chunks\74
6.js:1:67339)
    at $ (C:\Users\Venk
at\Desktop\LMS\frontend
\.next\server\chunks\72
3.js:1:30764)
    at nj (C:\Users\Ven
kat\Desktop\LMS\fronten
d\node_modules\next\dis
t\compiled\next-server\
app-page.runtime.prod.j
s:12:46252)
    at nM (C:\Users\Ven
kat\Desktop\LMS\fronten
d\node_modules\next\dis
t\compiled\next-server\
app-page.runtime.prod.j
s:12:47572)
    at nL (C:\Users\Ven
kat\Desktop\LMS\fronten
d\node_modules\next\dis
t\compiled\next-server\
app-page.runtime.prod.j
s:12:64547)
    at nB (C:\Users\Ven
kat\Desktop\LMS\fronten
d\node_modules\next\dis
t\compiled\next-server\
app-page.runtime.prod.j
s:12:67539)
    at nM (C:\Users\Ven
kat\Desktop\LMS\fronten
d\node_modules\next\dis
t\compiled\next-server\
app-page.runtime.prod.j
s:12:58561)
    at nL (C:\Users\Ven
kat\Desktop\LMS\fronten
d\node_modules\next\dis
t\compiled\next-server\
app-page.runtime.prod.j
s:12:64547)
    at nI (C:\Users\Ven
kat\Desktop\LMS\fronten
d\node_modules\next\dis
t\compiled\next-server\
app-page.runtime.prod.j
s:12:47011)

Error occurred 
prerendering page 
"/dashboard/mock". 
Read more: https://next
js.org/docs/messages/pr
erender-error

 Γ¿» useSearchParams() 
should be wrapped in a 
suspense boundary at 
page "/dashboard/career
-path". Read more: http
s://nextjs.org/docs/mes
sages/missing-suspense-
with-csr-bailout
    at o (C:\Users\Venk
at\Desktop\LMS\frontend
\.next\server\chunks\74
6.js:1:56356)
    at u (C:\Users\Venk
at\Desktop\LMS\frontend
\.next\server\chunks\74
6.js:1:67339)
    at $ (C:\Users\Venk
at\Desktop\LMS\frontend
\.next\server\chunks\72
3.js:1:30764)
    at nj (C:\Users\Ven
kat\Desktop\LMS\fronten
d\node_modules\next\dis
t\compiled\next-server\
app-page.runtime.prod.j
s:12:46252)
    at nM (C:\Users\Ven
kat\Desktop\LMS\fronten
d\node_modules\next\dis
t\compiled\next-server\
app-page.runtime.prod.j
s:12:47572)
    at nL (C:\Users\Ven
kat\Desktop\LMS\fronten
d\node_modules\next\dis
t\compiled\next-server\
app-page.runtime.prod.j
s:12:64547)
    at nB (C:\Users\Ven
kat\Desktop\LMS\fronten
d\node_modules\next\dis
t\compiled\next-server\
app-page.runtime.prod.j
s:12:67539)
    at nM (C:\Users\Ven
kat\Desktop\LMS\fronten
d\node_modules\next\dis
t\compiled\next-server\
app-page.runtime.prod.j
s:12:58561)
    at nL (C:\Users\Ven
kat\Desktop\LMS\fronten
d\node_modules\next\dis
t\compiled\next-server\
app-page.runtime.prod.j
s:12:64547)
    at nI (C:\Users\Ven
kat\Desktop\LMS\fronten
d\node_modules\next\dis
t\compiled\next-server\
app-page.runtime.prod.j
s:12:47011)

Error occurred 
prerendering page "/das
hboard/career-path". 
Read more: https://next
js.org/docs/messages/pr
erender-error

 Γ£ô Generating static pages (15/15)

> Export encountered 
errors on following 
paths:
	/dashboard/ats/page: 
/dashboard/ats
	/dashboard/career-path
/page: 
/dashboard/career-path
	/dashboard/improve/pag
e: /dashboard/improve
	/dashboard/mock/page: 
/dashboard/mock
	/dashboard/resume/page
: /dashboard/resume
